// Jest Snapshot v1, https://goo.gl/fbAQLP

exports[`App component renders 1`] = `
Object {
  "asFragment": [Function],
  "baseElement": <body>
    <div>
      <nav
        class="navbar"
      >
        <div>
          <a
            aria-current="page"
            class="active"
            exact="true"
            href="/"
          />
        </div>
        <h2
          class="c-data"
        >
          COVID-19 DATA
        </h2>
        <div
          class="top-right"
        >
          <div
            class="top-right"
          >
            <img
              alt=""
              class="mic"
              src="mic-svgrepo-com.svg"
            />
          </div>
          <div
            class="top-right"
          >
            <img
              alt="#"
              class="set"
              src="settings-svgrepo-com.svg"
            />
          </div>
        </div>
      </nav>
      <div
        class="heading"
      >
         
        <h1>
          EUROPE COUNTRIES' COVID-19 DATA
        </h1>
         
      </div>
      <div
        class="input-box"
      >
        <input
          class="input"
          placeholder="Serch European Country ..."
          type="text"
          value=""
        />
      </div>
      <div
        class="body"
      />
    </div>
  </body>,
  "container": <div>
    <nav
      class="navbar"
    >
      <div>
        <a
          aria-current="page"
          class="active"
          exact="true"
          href="/"
        />
      </div>
      <h2
        class="c-data"
      >
        COVID-19 DATA
      </h2>
      <div
        class="top-right"
      >
        <div
          class="top-right"
        >
          <img
            alt=""
            class="mic"
            src="mic-svgrepo-com.svg"
          />
        </div>
        <div
          class="top-right"
        >
          <img
            alt="#"
            class="set"
            src="settings-svgrepo-com.svg"
          />
        </div>
      </div>
    </nav>
    <div
      class="heading"
    >
       
      <h1>
        EUROPE COUNTRIES' COVID-19 DATA
      </h1>
       
    </div>
    <div
      class="input-box"
    >
      <input
        class="input"
        placeholder="Serch European Country ..."
        type="text"
        value=""
      />
    </div>
    <div
      class="body"
    />
  </div>,
  "debug": [Function],
  "findAllByAltText": [Function],
  "findAllByDisplayValue": [Function],
  "findAllByLabelText": [Function],
  "findAllByPlaceholderText": [Function],
  "findAllByRole": [Function],
  "findAllByTestId": [Function],
  "findAllByText": [Function],
  "findAllByTitle": [Function],
  "findByAltText": [Function],
  "findByDisplayValue": [Function],
  "findByLabelText": [Function],
  "findByPlaceholderText": [Function],
  "findByRole": [Function],
  "findByTestId": [Function],
  "findByText": [Function],
  "findByTitle": [Function],
  "getAllByAltText": [Function],
  "getAllByDisplayValue": [Function],
  "getAllByLabelText": [Function],
  "getAllByPlaceholderText": [Function],
  "getAllByRole": [Function],
  "getAllByTestId": [Function],
  "getAllByText": [Function],
  "getAllByTitle": [Function],
  "getByAltText": [Function],
  "getByDisplayValue": [Function],
  "getByLabelText": [Function],
  "getByPlaceholderText": [Function],
  "getByRole": [Function],
  "getByTestId": [Function],
  "getByText": [Function],
  "getByTitle": [Function],
  "queryAllByAltText": [Function],
  "queryAllByDisplayValue": [Function],
  "queryAllByLabelText": [Function],
  "queryAllByPlaceholderText": [Function],
  "queryAllByRole": [Function],
  "queryAllByTestId": [Function],
  "queryAllByText": [Function],
  "queryAllByTitle": [Function],
  "queryByAltText": [Function],
  "queryByDisplayValue": [Function],
  "queryByLabelText": [Function],
  "queryByPlaceholderText": [Function],
  "queryByRole": [Function],
  "queryByTestId": [Function],
  "queryByText": [Function],
  "queryByTitle": [Function],
  "rerender": [Function],
  "unmount": [Function],
}
`;
